// Jest Snapshot v1, https://goo.gl/fbAQLP

exports[`<LogoLink /> should match snapshot 1`] = `
.c0 {
  display: -webkit-box;
  display: -webkit-flex;
  display: -ms-flexbox;
  display: flex;
  -webkit-align-items: center;
  -webkit-box-align: center;
  -ms-flex-align: center;
  align-items: center;
  -webkit-text-decoration: none;
  text-decoration: none;
  color: inherit;
}

.c0 > img {
  max-height: 1.5rem;
}

<a
  class="c0"
  href="#target"
>
  <img
    alt="OlÃ¡ mundo"
    src="image.jpg"
  />
</a>
`;
